Orvet version 0.1
Chargement du programme
46 lignes chargées
Démarrage de l'exécution

Entrez des lettres, -1 termine le programme 
Valeur de l'entier lettre1 ? Valeur de l'entier lettre2 ? Somme = N 
Valeur de l'entier lettre1 ? Valeur de l'entier lettre2 ? Somme = E 
Valeur de l'entier lettre1 ? Valeur de l'entier lettre2 ? Somme = E 
Valeur de l'entier lettre1 ? Valeur de l'entier lettre2 ? Somme = W 
Valeur de l'entier lettre1 ? Valeur de l'entier lettre2 ? Somme = W 
Valeur de l'entier lettre1 ? Valeur de l'entier lettre2 ? Somme = G 
Valeur de l'entier lettre1 ? 
Fin de l'exécution

