Orvet version 0.1
Chargement du programme
53 lignes chargées
Démarrage de l'exécution

Valeur de l'entier taille ? Valeur de l'entier valeur ? Valeur de l'entier valeur ? Valeur de l'entier valeur ? Valeur de l'entier valeur ? Valeur de l'entier valeur ? Valeur de l'entier valeur ? Valeur de l'entier valeur ? Valeur de l'entier valeur ? Valeur de l'entier valeur ? Valeur de l'entier valeur ? tableau [ 0 ] = 3 
tableau [ 1 ] = 11 
tableau [ 2 ] = 12 
tableau [ 3 ] = 13 
tableau [ 4 ] = 14 
tableau [ 5 ] = 15 
tableau [ 6 ] = 16 
tableau [ 7 ] = 17 
tableau [ 8 ] = 18 
tableau [ 9 ] = 19 

Fin de l'exécution

