Orvet version 0.1
Chargement du programme
34 lignes chargées
Démarrage de l'exécution

Entrez des caractères, -1 termine 
Valeur de l'entier valeur ? Valeur de l'entier valeur ? Valeur de l'entier valeur ? Valeur de l'entier valeur ? Valeur de l'entier valeur ? Valeur de l'entier valeur ? Valeur de l'entier valeur ? Valeur de l'entier valeur ? Valeur de l'entier valeur ? Valeur de l'entier valeur ? Valeur de l'entier valeur ? Valeur de l'entier valeur ? Valeur de l'entier valeur ? Valeur de l'entier valeur ? Valeur de l'entier valeur ? Valeur de l'entier valeur ? Valeur de l'entier valeur ? Valeur de l'entier valeur ? Valeur de l'entier valeur ? Valeur de l'entier valeur ? Valeur de l'entier valeur ? Valeur de l'entier valeur ? Valeur de l'entier valeur ? Valeur de l'entier valeur ? Valeur de l'entier valeur ? Valeur de l'entier valeur ? Valeur de l'entier valeur ? Valeur de l'entier valeur ? Valeur de l'entier valeur ? Valeur de l'entier valeur ? Valeur de l'entier valeur ? Valeur de l'entier valeur ? Valeur de l'entier valeur ? Valeur de l'entier valeur ? Clément dessine une BD incroyable

Fin de l'exécution

