Orvet version 0.1
Chargement du programme
22 lignes chargées
Démarrage de l'exécution

1 membre(s) de la famille sont né(s) en 1974 
1 membre(s) de la famille sont né(s) en 1976 
1 membre(s) de la famille sont né(s) en 2004 
1 membre(s) de la famille sont né(s) en 2006 
1 membre(s) de la famille sont né(s) en 2009 

Fin de l'exécution
