Orvet version 0.1
Chargement du programme
83 lignes chargées
Démarrage de l'exécution

Valeur de l'entier nombre_disques ? Déplacer sommet tour 0 vers tour 2 
Déplacer sommet tour 0 vers tour 1 
Déplacer sommet tour 2 vers tour 1 
Déplacer sommet tour 0 vers tour 2 
Déplacer sommet tour 1 vers tour 0 
Déplacer sommet tour 1 vers tour 2 
Déplacer sommet tour 0 vers tour 2 

Fin de l'exécution
