Orvet version 0.1
Chargement du programme
32 lignes chargées
Démarrage de l'exécution

Il y a 60000 millièmes dans 1 minutes 
Il y a 3600000 millièmes dans 1 heure 
Il y a 86400000 millièmes dans 1 jour 
Il y a 36525 jours dans 1 siècle 
Il y a 3155760000000 millièmes dans 1 siècle 
Il y a 31557600000000 millièmes dans 1 millénaire 

Fin de l'exécution

