Orvet version 0.1
Chargement du programme
105 lignes chargées
Démarrage de l'exécution

Valeur de l'entier c ? Valeur de l'entier c ? Valeur de l'entier c ? Valeur de l'entier c ? Valeur de l'entier c ? Valeur de l'entier c ? Valeur de l'entier c ? Valeur de l'entier c ? Valeur de l'entier c ? Valeur de l'entier c ? Valeur de l'entier c ? Valeur de l'entier c ? Valeur de l'entier c ? Valeur de l'entier c ? Valeur de l'entier c ? Valeur de l'entier c ? Valeur de l'entier nombre_octets ? octet_chiffrant = 11
octet_chiffrant = 210
octet_chiffrant = 224
octet_chiffrant = 173
octet_chiffrant = 41
octet_chiffrant = 223
octet_chiffrant = 39
octet_chiffrant = 243
octet_chiffrant = 68
octet_chiffrant = 2
octet_chiffrant = 76
octet_chiffrant = 90
octet_chiffrant = 11
octet_chiffrant = 254
octet_chiffrant = 217
octet_chiffrant = 52
octet_chiffrant = 43
octet_chiffrant = 53
octet_chiffrant = 26
octet_chiffrant = 32
octet_chiffrant = 21
octet_chiffrant = 10
octet_chiffrant = 121
octet_chiffrant = 88
octet_chiffrant = 63
octet_chiffrant = 241
octet_chiffrant = 34
octet_chiffrant = 203
octet_chiffrant = 77
octet_chiffrant = 31
octet_chiffrant = 19
octet_chiffrant = 126
octet_chiffrant = 130
octet_chiffrant = 69
octet_chiffrant = 230
octet_chiffrant = 136
octet_chiffrant = 66
octet_chiffrant = 32
octet_chiffrant = 143
octet_chiffrant = 240
octet_chiffrant = 69
octet_chiffrant = 189
octet_chiffrant = 29
octet_chiffrant = 84
octet_chiffrant = 130
octet_chiffrant = 253
octet_chiffrant = 47
octet_chiffrant = 1
octet_chiffrant = 211
octet_chiffrant = 23
octet_chiffrant = 36
octet_chiffrant = 235
octet_chiffrant = 20
octet_chiffrant = 39
octet_chiffrant = 59
octet_chiffrant = 8
octet_chiffrant = 58
octet_chiffrant = 178
octet_chiffrant = 198
octet_chiffrant = 46
octet_chiffrant = 108
octet_chiffrant = 230
octet_chiffrant = 175
octet_chiffrant = 91
octet_chiffrant = 252
octet_chiffrant = 130
octet_chiffrant = 142
octet_chiffrant = 29
octet_chiffrant = 4
octet_chiffrant = 29
octet_chiffrant = 23
octet_chiffrant = 141
octet_chiffrant = 190
octet_chiffrant = 201
octet_chiffrant = 159
octet_chiffrant = 48
octet_chiffrant = 94
octet_chiffrant = 80
octet_chiffrant = 26
octet_chiffrant = 85
octet_chiffrant = 185
octet_chiffrant = 190
octet_chiffrant = 230
octet_chiffrant = 247
octet_chiffrant = 159
octet_chiffrant = 203
octet_chiffrant = 181
octet_chiffrant = 218
octet_chiffrant = 243
octet_chiffrant = 171
octet_chiffrant = 167
octet_chiffrant = 249
octet_chiffrant = 223
octet_chiffrant = 102
octet_chiffrant = 168
octet_chiffrant = 55
octet_chiffrant = 184
octet_chiffrant = 191
octet_chiffrant = 226
octet_chiffrant = 213
octet_chiffrant = 214
octet_chiffrant = 82
octet_chiffrant = 28
octet_chiffrant = 224
octet_chiffrant = 107
octet_chiffrant = 68
octet_chiffrant = 218
octet_chiffrant = 160
octet_chiffrant = 180
octet_chiffrant = 50
octet_chiffrant = 72
octet_chiffrant = 73
octet_chiffrant = 154
octet_chiffrant = 126
octet_chiffrant = 185
octet_chiffrant = 66
octet_chiffrant = 156
octet_chiffrant = 1
octet_chiffrant = 210
octet_chiffrant = 242
octet_chiffrant = 3
octet_chiffrant = 151
octet_chiffrant = 80
octet_chiffrant = 63
octet_chiffrant = 174
octet_chiffrant = 120
octet_chiffrant = 195
octet_chiffrant = 118
octet_chiffrant = 116
octet_chiffrant = 118
octet_chiffrant = 117
octet_chiffrant = 22
octet_chiffrant = 96
octet_chiffrant = 3
octet_chiffrant = 32
octet_chiffrant = 94
octet_chiffrant = 57
octet_chiffrant = 107
octet_chiffrant = 75
octet_chiffrant = 233
octet_chiffrant = 241
octet_chiffrant = 83
octet_chiffrant = 99
octet_chiffrant = 246
octet_chiffrant = 160
octet_chiffrant = 254
octet_chiffrant = 167
octet_chiffrant = 189
octet_chiffrant = 192
octet_chiffrant = 80
octet_chiffrant = 217
octet_chiffrant = 74
octet_chiffrant = 8
octet_chiffrant = 237
octet_chiffrant = 128
octet_chiffrant = 15
octet_chiffrant = 185
octet_chiffrant = 25
octet_chiffrant = 38
octet_chiffrant = 170
octet_chiffrant = 252
octet_chiffrant = 149
octet_chiffrant = 180
octet_chiffrant = 210
octet_chiffrant = 177
octet_chiffrant = 77
octet_chiffrant = 245
octet_chiffrant = 175
octet_chiffrant = 153
octet_chiffrant = 88
octet_chiffrant = 195
octet_chiffrant = 178
octet_chiffrant = 7
octet_chiffrant = 96
octet_chiffrant = 179
octet_chiffrant = 242
octet_chiffrant = 71
octet_chiffrant = 211
octet_chiffrant = 189
octet_chiffrant = 218
octet_chiffrant = 240
octet_chiffrant = 101
octet_chiffrant = 241
octet_chiffrant = 15
octet_chiffrant = 197
octet_chiffrant = 177
octet_chiffrant = 245
octet_chiffrant = 207
octet_chiffrant = 50
octet_chiffrant = 51
octet_chiffrant = 135
octet_chiffrant = 214
octet_chiffrant = 0
octet_chiffrant = 91
octet_chiffrant = 156
octet_chiffrant = 20
octet_chiffrant = 227
octet_chiffrant = 125
octet_chiffrant = 22
octet_chiffrant = 98
octet_chiffrant = 40
octet_chiffrant = 4
octet_chiffrant = 151
octet_chiffrant = 171
octet_chiffrant = 251
octet_chiffrant = 49
octet_chiffrant = 182
octet_chiffrant = 207
octet_chiffrant = 106
octet_chiffrant = 244
octet_chiffrant = 252
octet_chiffrant = 75
octet_chiffrant = 75
octet_chiffrant = 249
octet_chiffrant = 163
octet_chiffrant = 59
octet_chiffrant = 78
octet_chiffrant = 221
octet_chiffrant = 63
octet_chiffrant = 248
octet_chiffrant = 238
octet_chiffrant = 208
octet_chiffrant = 86
octet_chiffrant = 100
octet_chiffrant = 110
octet_chiffrant = 96
octet_chiffrant = 225
octet_chiffrant = 205
octet_chiffrant = 109
octet_chiffrant = 212
octet_chiffrant = 67
octet_chiffrant = 227
octet_chiffrant = 95
octet_chiffrant = 115
octet_chiffrant = 181
octet_chiffrant = 60
octet_chiffrant = 21
octet_chiffrant = 192
octet_chiffrant = 248
octet_chiffrant = 149
octet_chiffrant = 146
octet_chiffrant = 51
octet_chiffrant = 61
octet_chiffrant = 164
octet_chiffrant = 10
octet_chiffrant = 104
octet_chiffrant = 140
octet_chiffrant = 143
octet_chiffrant = 181
octet_chiffrant = 0
octet_chiffrant = 7
octet_chiffrant = 216
octet_chiffrant = 184
octet_chiffrant = 188
octet_chiffrant = 45
octet_chiffrant = 53
octet_chiffrant = 75
octet_chiffrant = 252
octet_chiffrant = 139
octet_chiffrant = 182
octet_chiffrant = 27
octet_chiffrant = 178
octet_chiffrant = 222
octet_chiffrant = 133
octet_chiffrant = 89
octet_chiffrant = 85
octet_chiffrant = 11
octet_chiffrant = 9
octet_chiffrant = 17
octet_chiffrant = 201
octet_chiffrant = 30
octet_chiffrant = 187
octet_chiffrant = 61
octet_chiffrant = 86
octet_chiffrant = 169
octet_chiffrant = 19
octet_chiffrant = 165
octet_chiffrant = 30
octet_chiffrant = 36
octet_chiffrant = 28
octet_chiffrant = 222
octet_chiffrant = 149
octet_chiffrant = 26
octet_chiffrant = 231
octet_chiffrant = 149
octet_chiffrant = 255
octet_chiffrant = 20
octet_chiffrant = 165
octet_chiffrant = 54
octet_chiffrant = 73
octet_chiffrant = 219
octet_chiffrant = 107
octet_chiffrant = 20
octet_chiffrant = 200
octet_chiffrant = 193
octet_chiffrant = 65
octet_chiffrant = 180
octet_chiffrant = 128
octet_chiffrant = 9
octet_chiffrant = 80
octet_chiffrant = 13
octet_chiffrant = 250
octet_chiffrant = 94
octet_chiffrant = 58
octet_chiffrant = 15
octet_chiffrant = 201
octet_chiffrant = 178
octet_chiffrant = 34
octet_chiffrant = 150
octet_chiffrant = 148
octet_chiffrant = 46
octet_chiffrant = 41
octet_chiffrant = 230
octet_chiffrant = 54
octet_chiffrant = 92
octet_chiffrant = 83
octet_chiffrant = 120
octet_chiffrant = 156
octet_chiffrant = 154
octet_chiffrant = 126
octet_chiffrant = 65
octet_chiffrant = 95
octet_chiffrant = 203
octet_chiffrant = 72
octet_chiffrant = 222
octet_chiffrant = 191
octet_chiffrant = 175
octet_chiffrant = 194
octet_chiffrant = 104
octet_chiffrant = 237
octet_chiffrant = 14
octet_chiffrant = 242
octet_chiffrant = 38
octet_chiffrant = 226
octet_chiffrant = 153
octet_chiffrant = 21
octet_chiffrant = 241
octet_chiffrant = 203
octet_chiffrant = 143
octet_chiffrant = 187
octet_chiffrant = 191
octet_chiffrant = 28
octet_chiffrant = 116
octet_chiffrant = 104
octet_chiffrant = 216
octet_chiffrant = 100
octet_chiffrant = 162
octet_chiffrant = 142
octet_chiffrant = 218
octet_chiffrant = 48
octet_chiffrant = 148
octet_chiffrant = 6
octet_chiffrant = 185
octet_chiffrant = 139
octet_chiffrant = 226
octet_chiffrant = 118
octet_chiffrant = 188
octet_chiffrant = 44
octet_chiffrant = 24
octet_chiffrant = 52
octet_chiffrant = 21
octet_chiffrant = 63
octet_chiffrant = 102
octet_chiffrant = 40
octet_chiffrant = 45
octet_chiffrant = 60
octet_chiffrant = 167
octet_chiffrant = 199
octet_chiffrant = 181
octet_chiffrant = 250
octet_chiffrant = 88
octet_chiffrant = 104
octet_chiffrant = 251
octet_chiffrant = 191
octet_chiffrant = 34
octet_chiffrant = 194
octet_chiffrant = 146
octet_chiffrant = 25
octet_chiffrant = 74
octet_chiffrant = 156
octet_chiffrant = 204
octet_chiffrant = 83
octet_chiffrant = 61
octet_chiffrant = 0
octet_chiffrant = 132
octet_chiffrant = 193
octet_chiffrant = 197
octet_chiffrant = 67
octet_chiffrant = 119
octet_chiffrant = 25
octet_chiffrant = 236
octet_chiffrant = 132
octet_chiffrant = 237
octet_chiffrant = 117
octet_chiffrant = 240
octet_chiffrant = 13
octet_chiffrant = 232
octet_chiffrant = 45
octet_chiffrant = 94
octet_chiffrant = 249
octet_chiffrant = 97
octet_chiffrant = 65
octet_chiffrant = 74
octet_chiffrant = 200
octet_chiffrant = 20
octet_chiffrant = 237
octet_chiffrant = 115
octet_chiffrant = 26
octet_chiffrant = 1
octet_chiffrant = 179
octet_chiffrant = 181
octet_chiffrant = 30
octet_chiffrant = 235
octet_chiffrant = 76
octet_chiffrant = 240
octet_chiffrant = 85
octet_chiffrant = 97
octet_chiffrant = 59
octet_chiffrant = 147
octet_chiffrant = 48
octet_chiffrant = 13
octet_chiffrant = 208
octet_chiffrant = 100
octet_chiffrant = 161
octet_chiffrant = 33
octet_chiffrant = 198
octet_chiffrant = 143
octet_chiffrant = 147
octet_chiffrant = 134
octet_chiffrant = 187
octet_chiffrant = 176
octet_chiffrant = 222
octet_chiffrant = 39
octet_chiffrant = 122
octet_chiffrant = 158
octet_chiffrant = 67
octet_chiffrant = 120
octet_chiffrant = 198
octet_chiffrant = 191
octet_chiffrant = 34
octet_chiffrant = 37
octet_chiffrant = 249
octet_chiffrant = 56
octet_chiffrant = 123
octet_chiffrant = 213
octet_chiffrant = 193
octet_chiffrant = 36
octet_chiffrant = 16
octet_chiffrant = 75
octet_chiffrant = 68
octet_chiffrant = 207
octet_chiffrant = 2
octet_chiffrant = 166
octet_chiffrant = 221
octet_chiffrant = 137
octet_chiffrant = 22
octet_chiffrant = 141
octet_chiffrant = 211
octet_chiffrant = 68
octet_chiffrant = 245
octet_chiffrant = 67
octet_chiffrant = 180
octet_chiffrant = 22
octet_chiffrant = 67
octet_chiffrant = 112
octet_chiffrant = 185
octet_chiffrant = 201
octet_chiffrant = 72
octet_chiffrant = 83
octet_chiffrant = 25
octet_chiffrant = 66
octet_chiffrant = 211
octet_chiffrant = 25
octet_chiffrant = 192
octet_chiffrant = 119
octet_chiffrant = 247
octet_chiffrant = 139
octet_chiffrant = 197
octet_chiffrant = 228
octet_chiffrant = 228
octet_chiffrant = 241
octet_chiffrant = 157
octet_chiffrant = 85
octet_chiffrant = 121
octet_chiffrant = 147
octet_chiffrant = 96
octet_chiffrant = 121
octet_chiffrant = 9
octet_chiffrant = 49
octet_chiffrant = 138
octet_chiffrant = 35
octet_chiffrant = 55
octet_chiffrant = 20
octet_chiffrant = 48
octet_chiffrant = 175
octet_chiffrant = 14
octet_chiffrant = 5
octet_chiffrant = 235
octet_chiffrant = 54
octet_chiffrant = 255
octet_chiffrant = 207
octet_chiffrant = 14
octet_chiffrant = 11
octet_chiffrant = 242
octet_chiffrant = 143
octet_chiffrant = 48
octet_chiffrant = 5
octet_chiffrant = 191
octet_chiffrant = 112
octet_chiffrant = 165
octet_chiffrant = 238
octet_chiffrant = 15
octet_chiffrant = 182
octet_chiffrant = 226
octet_chiffrant = 33
octet_chiffrant = 200
octet_chiffrant = 224
octet_chiffrant = 165
octet_chiffrant = 162
octet_chiffrant = 202
octet_chiffrant = 103
octet_chiffrant = 78
octet_chiffrant = 238
octet_chiffrant = 177
octet_chiffrant = 180
octet_chiffrant = 2
octet_chiffrant = 194
octet_chiffrant = 13
octet_chiffrant = 244
octet_chiffrant = 182
octet_chiffrant = 36
octet_chiffrant = 118
octet_chiffrant = 221
octet_chiffrant = 126
octet_chiffrant = 126
octet_chiffrant = 4
octet_chiffrant = 84
octet_chiffrant = 229
octet_chiffrant = 87
octet_chiffrant = 136
octet_chiffrant = 121
octet_chiffrant = 7
octet_chiffrant = 16
octet_chiffrant = 202
octet_chiffrant = 84
octet_chiffrant = 69
octet_chiffrant = 137
octet_chiffrant = 223
octet_chiffrant = 172
octet_chiffrant = 184
octet_chiffrant = 31
octet_chiffrant = 154
octet_chiffrant = 43
octet_chiffrant = 62
octet_chiffrant = 55
octet_chiffrant = 151
octet_chiffrant = 216
octet_chiffrant = 135
octet_chiffrant = 6
octet_chiffrant = 21
octet_chiffrant = 2
octet_chiffrant = 230
octet_chiffrant = 157
octet_chiffrant = 149
octet_chiffrant = 239
octet_chiffrant = 88
octet_chiffrant = 232
octet_chiffrant = 18
octet_chiffrant = 249
octet_chiffrant = 39
octet_chiffrant = 228
octet_chiffrant = 90
octet_chiffrant = 221
octet_chiffrant = 9
octet_chiffrant = 238
octet_chiffrant = 248
octet_chiffrant = 89
octet_chiffrant = 139
octet_chiffrant = 199
octet_chiffrant = 46
octet_chiffrant = 30
octet_chiffrant = 203
octet_chiffrant = 72
octet_chiffrant = 122
octet_chiffrant = 175
octet_chiffrant = 116
octet_chiffrant = 223
octet_chiffrant = 194
octet_chiffrant = 171
octet_chiffrant = 170
octet_chiffrant = 46
octet_chiffrant = 132
octet_chiffrant = 128
octet_chiffrant = 137
octet_chiffrant = 59
octet_chiffrant = 172
octet_chiffrant = 205
octet_chiffrant = 65
octet_chiffrant = 132
octet_chiffrant = 71
octet_chiffrant = 60
octet_chiffrant = 90
octet_chiffrant = 134
octet_chiffrant = 203
octet_chiffrant = 163
octet_chiffrant = 113
octet_chiffrant = 9
octet_chiffrant = 135
octet_chiffrant = 194
octet_chiffrant = 115
octet_chiffrant = 46
octet_chiffrant = 130
octet_chiffrant = 193
octet_chiffrant = 99
octet_chiffrant = 89
octet_chiffrant = 138
octet_chiffrant = 29
octet_chiffrant = 80
octet_chiffrant = 81
octet_chiffrant = 64
octet_chiffrant = 227
octet_chiffrant = 219
octet_chiffrant = 239
octet_chiffrant = 113
octet_chiffrant = 110
octet_chiffrant = 112
octet_chiffrant = 176
octet_chiffrant = 247
octet_chiffrant = 33
octet_chiffrant = 75
octet_chiffrant = 163
octet_chiffrant = 166
octet_chiffrant = 132
octet_chiffrant = 156
octet_chiffrant = 164
octet_chiffrant = 11
octet_chiffrant = 214
octet_chiffrant = 221
octet_chiffrant = 240
octet_chiffrant = 160
octet_chiffrant = 215
octet_chiffrant = 30
octet_chiffrant = 48
octet_chiffrant = 248
octet_chiffrant = 245
octet_chiffrant = 229
octet_chiffrant = 219
octet_chiffrant = 13
octet_chiffrant = 5
octet_chiffrant = 218
octet_chiffrant = 41
octet_chiffrant = 247
octet_chiffrant = 40
octet_chiffrant = 24
octet_chiffrant = 15
octet_chiffrant = 151
octet_chiffrant = 177
octet_chiffrant = 121
octet_chiffrant = 216
octet_chiffrant = 223
octet_chiffrant = 145
octet_chiffrant = 175
octet_chiffrant = 167
octet_chiffrant = 2
octet_chiffrant = 105
octet_chiffrant = 21
octet_chiffrant = 233
octet_chiffrant = 6
octet_chiffrant = 202
octet_chiffrant = 159
octet_chiffrant = 231
octet_chiffrant = 151
octet_chiffrant = 81
octet_chiffrant = 253
octet_chiffrant = 152
octet_chiffrant = 200
octet_chiffrant = 140
octet_chiffrant = 129
octet_chiffrant = 40
octet_chiffrant = 93
octet_chiffrant = 225
octet_chiffrant = 233
octet_chiffrant = 135
octet_chiffrant = 12
octet_chiffrant = 195
octet_chiffrant = 233
octet_chiffrant = 110
octet_chiffrant = 127
octet_chiffrant = 147
octet_chiffrant = 130
octet_chiffrant = 48
octet_chiffrant = 40
octet_chiffrant = 169
octet_chiffrant = 5
octet_chiffrant = 122
octet_chiffrant = 148
octet_chiffrant = 174
octet_chiffrant = 138
octet_chiffrant = 27
octet_chiffrant = 63
octet_chiffrant = 16
octet_chiffrant = 124
octet_chiffrant = 109
octet_chiffrant = 28
octet_chiffrant = 148
octet_chiffrant = 236
octet_chiffrant = 17
octet_chiffrant = 177
octet_chiffrant = 40
octet_chiffrant = 254
octet_chiffrant = 171
octet_chiffrant = 240
octet_chiffrant = 213
octet_chiffrant = 10
octet_chiffrant = 239
octet_chiffrant = 83
octet_chiffrant = 209
octet_chiffrant = 34
octet_chiffrant = 5
octet_chiffrant = 197
octet_chiffrant = 39
octet_chiffrant = 1
octet_chiffrant = 99
octet_chiffrant = 249
octet_chiffrant = 48
octet_chiffrant = 184
octet_chiffrant = 15
octet_chiffrant = 189
octet_chiffrant = 50
octet_chiffrant = 187
octet_chiffrant = 235
octet_chiffrant = 27
octet_chiffrant = 102
octet_chiffrant = 179
octet_chiffrant = 8
octet_chiffrant = 208
octet_chiffrant = 230
octet_chiffrant = 103
octet_chiffrant = 114
octet_chiffrant = 31
octet_chiffrant = 145
octet_chiffrant = 77
octet_chiffrant = 197
octet_chiffrant = 114
octet_chiffrant = 170
octet_chiffrant = 209
octet_chiffrant = 143
octet_chiffrant = 53
octet_chiffrant = 116
octet_chiffrant = 90
octet_chiffrant = 19
octet_chiffrant = 223
octet_chiffrant = 125
octet_chiffrant = 9
octet_chiffrant = 36
octet_chiffrant = 153
octet_chiffrant = 130
octet_chiffrant = 180
octet_chiffrant = 42
octet_chiffrant = 65
octet_chiffrant = 142
octet_chiffrant = 168
octet_chiffrant = 140
octet_chiffrant = 111
octet_chiffrant = 181
octet_chiffrant = 124
octet_chiffrant = 146
octet_chiffrant = 33
octet_chiffrant = 229
octet_chiffrant = 213
octet_chiffrant = 160
octet_chiffrant = 51
octet_chiffrant = 109
octet_chiffrant = 56
octet_chiffrant = 201
octet_chiffrant = 230
octet_chiffrant = 75
octet_chiffrant = 198
octet_chiffrant = 241
octet_chiffrant = 123
octet_chiffrant = 56
octet_chiffrant = 10
octet_chiffrant = 88
octet_chiffrant = 55
octet_chiffrant = 133
octet_chiffrant = 238
octet_chiffrant = 135
octet_chiffrant = 72
octet_chiffrant = 240
octet_chiffrant = 207
octet_chiffrant = 223
octet_chiffrant = 89
octet_chiffrant = 218
octet_chiffrant = 210
octet_chiffrant = 150
octet_chiffrant = 188
octet_chiffrant = 221
octet_chiffrant = 216
octet_chiffrant = 246
octet_chiffrant = 184
octet_chiffrant = 227
octet_chiffrant = 245
octet_chiffrant = 28
octet_chiffrant = 127
octet_chiffrant = 231
octet_chiffrant = 250
octet_chiffrant = 102
octet_chiffrant = 169
octet_chiffrant = 27
octet_chiffrant = 39
octet_chiffrant = 184
octet_chiffrant = 67
octet_chiffrant = 26
octet_chiffrant = 97
octet_chiffrant = 156
octet_chiffrant = 165
octet_chiffrant = 123
octet_chiffrant = 114
octet_chiffrant = 234
octet_chiffrant = 247
octet_chiffrant = 46
octet_chiffrant = 98
octet_chiffrant = 106
octet_chiffrant = 249
octet_chiffrant = 61
octet_chiffrant = 166
octet_chiffrant = 217
octet_chiffrant = 242
octet_chiffrant = 90
octet_chiffrant = 82
octet_chiffrant = 213
octet_chiffrant = 9
octet_chiffrant = 49
octet_chiffrant = 111
octet_chiffrant = 217
octet_chiffrant = 176
octet_chiffrant = 170
octet_chiffrant = 62
octet_chiffrant = 28
octet_chiffrant = 229
octet_chiffrant = 177
octet_chiffrant = 85
octet_chiffrant = 195
octet_chiffrant = 240
octet_chiffrant = 201
octet_chiffrant = 229
octet_chiffrant = 9
octet_chiffrant = 125
octet_chiffrant = 98
octet_chiffrant = 213
octet_chiffrant = 143
octet_chiffrant = 98
octet_chiffrant = 244
octet_chiffrant = 224
octet_chiffrant = 10
octet_chiffrant = 186
octet_chiffrant = 210
octet_chiffrant = 144
octet_chiffrant = 4
octet_chiffrant = 174
octet_chiffrant = 60
octet_chiffrant = 95
octet_chiffrant = 156
octet_chiffrant = 26
octet_chiffrant = 203
octet_chiffrant = 249
octet_chiffrant = 121
octet_chiffrant = 126
octet_chiffrant = 229
octet_chiffrant = 26
octet_chiffrant = 143
octet_chiffrant = 243
octet_chiffrant = 119
octet_chiffrant = 48
octet_chiffrant = 117
octet_chiffrant = 181
octet_chiffrant = 156
octet_chiffrant = 247
octet_chiffrant = 16
octet_chiffrant = 237
octet_chiffrant = 102
octet_chiffrant = 89
octet_chiffrant = 191
octet_chiffrant = 71
octet_chiffrant = 235
octet_chiffrant = 163
octet_chiffrant = 84
octet_chiffrant = 22
octet_chiffrant = 154
octet_chiffrant = 190
octet_chiffrant = 241
octet_chiffrant = 189
octet_chiffrant = 69
octet_chiffrant = 2
octet_chiffrant = 222
octet_chiffrant = 159
octet_chiffrant = 130
octet_chiffrant = 227
octet_chiffrant = 147
octet_chiffrant = 76
octet_chiffrant = 236
octet_chiffrant = 191
octet_chiffrant = 249
octet_chiffrant = 246
octet_chiffrant = 76
octet_chiffrant = 48
octet_chiffrant = 201
octet_chiffrant = 31
octet_chiffrant = 128
octet_chiffrant = 22
octet_chiffrant = 38
octet_chiffrant = 25
octet_chiffrant = 140
octet_chiffrant = 107
octet_chiffrant = 198
octet_chiffrant = 75
octet_chiffrant = 125
octet_chiffrant = 236
octet_chiffrant = 160
octet_chiffrant = 234
octet_chiffrant = 188
octet_chiffrant = 205
octet_chiffrant = 157
octet_chiffrant = 60
octet_chiffrant = 161
octet_chiffrant = 23
octet_chiffrant = 147
octet_chiffrant = 129
octet_chiffrant = 229
octet_chiffrant = 168
octet_chiffrant = 10
octet_chiffrant = 114
octet_chiffrant = 140
octet_chiffrant = 160
octet_chiffrant = 75
octet_chiffrant = 57
octet_chiffrant = 139
octet_chiffrant = 19
octet_chiffrant = 208
octet_chiffrant = 187
octet_chiffrant = 71
octet_chiffrant = 249
octet_chiffrant = 131
octet_chiffrant = 78
octet_chiffrant = 240
octet_chiffrant = 71
octet_chiffrant = 59
octet_chiffrant = 91
octet_chiffrant = 153
octet_chiffrant = 183
octet_chiffrant = 210
octet_chiffrant = 43
octet_chiffrant = 202
octet_chiffrant = 74
octet_chiffrant = 147
octet_chiffrant = 107
octet_chiffrant = 171
octet_chiffrant = 92
octet_chiffrant = 145
octet_chiffrant = 116
octet_chiffrant = 135
octet_chiffrant = 247
octet_chiffrant = 120
octet_chiffrant = 46
octet_chiffrant = 37
octet_chiffrant = 95
octet_chiffrant = 215
octet_chiffrant = 22
octet_chiffrant = 246
octet_chiffrant = 187
octet_chiffrant = 63
octet_chiffrant = 148
octet_chiffrant = 71
octet_chiffrant = 62
octet_chiffrant = 4
octet_chiffrant = 42
octet_chiffrant = 237
octet_chiffrant = 186
octet_chiffrant = 12
octet_chiffrant = 195
octet_chiffrant = 153
octet_chiffrant = 18
octet_chiffrant = 140
octet_chiffrant = 68
octet_chiffrant = 19
octet_chiffrant = 220
octet_chiffrant = 66
octet_chiffrant = 83
octet_chiffrant = 157
octet_chiffrant = 30
octet_chiffrant = 243
octet_chiffrant = 87
octet_chiffrant = 77
octet_chiffrant = 146
octet_chiffrant = 156
octet_chiffrant = 72
octet_chiffrant = 4
octet_chiffrant = 66
octet_chiffrant = 112
octet_chiffrant = 123

Fin de l'exécution

