Orvet version 0.1
Chargement du programme
47 lignes chargées
Démarrage de l'exécution

+|ABCDEFGHIJKLMNOPQRSTUVWXYZ
-+--------------------------
A|ABCDEFGHIJKLMNOPQRSTUVWXYZ
B|BCDEFGHIJKLMNOPQRSTUVWXYZA
C|CDEFGHIJKLMNOPQRSTUVWXYZAB
D|DEFGHIJKLMNOPQRSTUVWXYZABC
E|EFGHIJKLMNOPQRSTUVWXYZABCD
F|FGHIJKLMNOPQRSTUVWXYZABCDE
G|GHIJKLMNOPQRSTUVWXYZABCDEF
H|HIJKLMNOPQRSTUVWXYZABCDEFG
I|IJKLMNOPQRSTUVWXYZABCDEFGH
J|JKLMNOPQRSTUVWXYZABCDEFGHI
K|KLMNOPQRSTUVWXYZABCDEFGHIJ
L|LMNOPQRSTUVWXYZABCDEFGHIJK
M|MNOPQRSTUVWXYZABCDEFGHIJKL
N|NOPQRSTUVWXYZABCDEFGHIJKLM
O|OPQRSTUVWXYZABCDEFGHIJKLMN
P|PQRSTUVWXYZABCDEFGHIJKLMNO
Q|QRSTUVWXYZABCDEFGHIJKLMNOP
R|RSTUVWXYZABCDEFGHIJKLMNOPQ
S|STUVWXYZABCDEFGHIJKLMNOPQR
T|TUVWXYZABCDEFGHIJKLMNOPQRS
U|UVWXYZABCDEFGHIJKLMNOPQRST
V|VWXYZABCDEFGHIJKLMNOPQRSTU
W|WXYZABCDEFGHIJKLMNOPQRSTUV
X|XYZABCDEFGHIJKLMNOPQRSTUVW
Y|YZABCDEFGHIJKLMNOPQRSTUVWX
Z|ZABCDEFGHIJKLMNOPQRSTUVWXY

Fin de l'exécution

